Copyright 1986-2014 Xilinx, Inc. All Rights Reserved.
-------------------------------------------------------------------------------------
| Tool Version : Vivado v.2014.2 (win64) Build 932637 Wed Jun 11 13:33:10 MDT 2014
| Date         : Thu Apr 02 00:26:27 2015
| Host         : rhea running 64-bit Service Pack 1  (build 7601)
| Command      : report_control_sets -verbose -file spi_ctrl_control_sets_placed.rpt
| Design       : spi_ctrl
| Device       : xc7k325t
-------------------------------------------------------------------------------------

Control Set Information

Table of Contents
-----------------
1. Summary
2. Flip-Flop Distribution
3. Detailed Control Set Information

1. Summary
----------

+-------------------------------------------------------------------+-------+
|                               Status                              | Count |
+-------------------------------------------------------------------+-------+
| Number of unique control sets                                     |   239 |
| Minimum Number of register sites lost to control set restrictions |   549 |
+-------------------------------------------------------------------+-------+


2. Flip-Flop Distribution
-------------------------

+--------------+-----------------------+------------------------+-----------------+--------------+
| Clock Enable | Synchronous Set/Reset | Asynchronous Set/Reset | Total Registers | Total Slices |
+--------------+-----------------------+------------------------+-----------------+--------------+
| No           | No                    | No                     |            1549 |          492 |
| No           | No                    | Yes                    |             284 |           91 |
| No           | Yes                   | No                     |             274 |           95 |
| Yes          | No                    | No                     |            1103 |          370 |
| Yes          | No                    | Yes                    |             629 |          202 |
| Yes          | Yes                   | No                     |             244 |           72 |
+--------------+-----------------------+------------------------+-----------------+--------------+


3. Detailed Control Set Information
-----------------------------------

+---------------------------+-----------------------------------------------------------------------+---------------------------------------------------------------------------------------------+------------------+----------------+
|        Clock Signal       |                             Enable Signal                             |                                       Set/Reset Signal                                      | Slice Load Count | Bel Load Count |
+---------------------------+-----------------------------------------------------------------------+---------------------------------------------------------------------------------------------+------------------+----------------+
|  System_Clock/U0/clk_out1 |                                                                       | SiTCP_inst/Wrapper_SiTCP/SiTCP/SiTCP/TCP/TCP_TXCNT/muxHdValA_inv                            |                1 |              2 |
|  SiTCP_inst/O             |                                                                       | SiTCP_inst/Wrapper_SiTCP/SiTCP/GMII/GMII_TXCNT/_n0208                                       |                1 |              2 |
|  System_Clock/U0/clk_out1 |                                                                       | SiTCP_inst/Wrapper_SiTCP/SiTCP/SiTCP_INT/SiTCP_INT_REG/regWe_inv                            |                1 |              2 |
|  xlnx_opt__1              | SiTCP_inst/Wrapper_SiTCP/SiTCP/GMII/GMII_RXCNT/arpTypeLd              |                                                                                             |                1 |              2 |
|  xlnx_opt__1              | SiTCP_inst/Wrapper_SiTCP/SiTCP/GMII/GMII_RXCNT/typeLenLd              |                                                                                             |                1 |              2 |
|  System_Clock/U0/clk_out1 |                                                                       | SiTCP_inst/Wrapper_SiTCP/SiTCP/SiTCP/TCP/TCP_TXCNT/irMngrIdle_irMngrTxTrnsEnb_AND_326_o_inv |                1 |              2 |
|  System_Clock/U0/clk_out1 |                                                                       | SiTCP_inst/Wrapper_SiTCP/SiTCP/SiTCP_INT/SiTCP_INT_CNTRL/muxRe_inv                          |                1 |              2 |
|  System_Clock/U0/clk_out1 |                                                                       | SiTCP_inst/Wrapper_SiTCP/SiTCP/SiTCP_INT/SiTCP_INT_DMAC/irArbtrAck_inv                      |                1 |              2 |
|  xlnx_opt__1              | SiTCP_inst/Wrapper_SiTCP/SiTCP/GMII/GMII_RXCNT/_n1043_inv             |                                                                                             |                1 |              2 |
|  System_Clock/U0/clk_out1 |                                                                       | SiTCP_inst/Wrapper_SiTCP/SiTCP/SiTCP/TCP/TCP_TXCNT/rcvdOkAck_inv                            |                1 |              2 |
|  xlnx_opt__1              | SiTCP_inst/Wrapper_SiTCP/SiTCP/GMII/GMII_RXCNT/ipPrtclLd              |                                                                                             |                1 |              2 |
|  System_Clock/U0/clk_out1 | SiTCP_inst/Wrapper_SiTCP/SiTCP/SiTCP/ECIF_TX/irEcifSod                | SiTCP_inst/Wrapper_SiTCP/SiTCP/SiTCP/ECIF_TX/_n0388                                         |                1 |              2 |
|  System_Clock/U0/clk_out1 | SiTCP_inst/Wrapper_SiTCP/SiTCP/SiTCP/ECIF_TX/irEcifSod                |                                                                                             |                2 |              2 |
|  System_Clock/U0/clk_out1 | SiTCP_inst/Wrapper_SiTCP/SiTCP/BBT_SiTCP_RST/irTim1Sec                | n_0_sys_rst_reg                                                                             |                1 |              2 |
|  System_Clock/U0/clk_out1 | SiTCP_inst/Wrapper_SiTCP/SiTCP/BBT_SiTCP_RST/irTim1Sec                | SiTCP_inst/Wrapper_SiTCP/SiTCP/SiTCP_INT/SiTCP_INT_DMAC/state<1>_inv                        |                1 |              2 |
|  System_Clock/U0/clk_out1 | SiTCP_inst/Wrapper_SiTCP/SiTCP/SiTCP/TCP/TCP_PRE/tcpProcStartDly[2]   |                                                                                             |                2 |              2 |
|  System_Clock/U0/clk_out1 |                                                                       | SiTCP_inst/Wrapper_SiTCP/SiTCP/SiTCP/ECIF_RX/ipExe_ipValInh_AND_185_o_inv                   |                1 |              2 |
|  System_Clock/U0/clk_out1 | SiTCP_inst/Wrapper_SiTCP/SiTCP/SiTCP/TCP/TCP_PRE/tcpProcStartDly[3]   |                                                                                             |                2 |              2 |
|  System_Clock/U0/clk_out1 | SiTCP_inst/Wrapper_SiTCP/SiTCP/SiTCP/ECIF_RX/sofDly[0]                |                                                                                             |                1 |              2 |
|  System_Clock/U0/clk_out1 |                                                                       | SiTCP_inst/Wrapper_SiTCP/SiTCP/SiTCP_INT/SiTCP_INT_CNTRL/muxWe_inv                          |                2 |              2 |
|  System_Clock/U0/clk_out1 |                                                                       | SiTCP_inst/Wrapper_SiTCP/SiTCP/SiTCP/UDP/UDP_LOC/procBusy_inv                               |                1 |              2 |
|  System_Clock/U0/clk_out1 |                                                                       | SiTCP_inst/Wrapper_SiTCP/SiTCP/GMII/GMII_TXBUF/irLay3WrVal_inv                              |                1 |              2 |
|  System_Clock/U0/clk_out1 |                                                                       | SiTCP_inst/Wrapper_SiTCP/SiTCP/SiTCP/TCP/TCP_MNGR/irPreNrml_cmpPrmtr_AND_254_o_inv          |                1 |              2 |
|  xlnx_opt__1              | SiTCP_inst/Wrapper_SiTCP/SiTCP/GMII/GMII_RXCNT/_n1064_inv             | SiTCP_inst/Wrapper_SiTCP/SiTCP/GMII/GMII_RXCNT/dlyRxSfd                                     |                2 |              3 |
|  System_Clock/U0/clk_out1 | SiTCP_inst/Wrapper_SiTCP/SiTCP/SiTCP/TCP/TCP_TXCNT/_n1923_inv         |                                                                                             |                1 |              3 |
|  System_Clock/U0/clk_out1 | SiTCP_inst/Wrapper_SiTCP/SiTCP/SiTCP/TCP/TCP_MNGR/irTim1ms            |                                                                                             |                1 |              3 |
|  System_Clock/U0/clk_out1 |                                                                       | SiTCP_inst/Wrapper_SiTCP/SiTCP/SiTCP/ECIF_RX/myMacInsrtEnb_inv                              |                3 |              3 |
|  System_Clock/U0/clk_out1 | SiTCP_inst/Wrapper_SiTCP/SiTCP/SiTCP/UDP/UDP_LOC/irPreSoIp[2]         |                                                                                             |                1 |              3 |
|  System_Clock/U0/clk_out1 |                                                                       | SiTCP_inst/Wrapper_SiTCP/SiTCP/SiTCP/TCP/TCP_PRE/irEcifTcpVal_inv                           |                1 |              3 |
|  System_Clock/U0/clk_out1 | SiTCP_inst/Wrapper_SiTCP/SiTCP/SiTCP/TCP/TCP_MNGR/mssOptVal[2]        | SiTCP_inst/Wrapper_SiTCP/SiTCP/SiTCP/TCP/TCP_MNGR/_n0593                                    |                1 |              3 |
|  System_Clock/U0/clk_out1 |                                                                       | SiTCP_inst/Wrapper_SiTCP/SiTCP/SiTCP/UDP/UDP_PRE/udpExe_inv                                 |                3 |              3 |
|  System_Clock/U0/clk_out1 | SiTCP_inst/Wrapper_SiTCP/SiTCP/GMII/GMII_RXBUF/rdLenLdTim[1]          |                                                                                             |                1 |              3 |
|  System_Clock/U0/clk_out1 | SiTCP_inst/Wrapper_SiTCP/SiTCP/SiTCP/TCP/TCP_MNGR/mssOptVal[3]        | SiTCP_inst/Wrapper_SiTCP/SiTCP/SiTCP/TCP/TCP_MNGR/_n0597                                    |                1 |              3 |
|  System_Clock/U0/clk_out1 | SiTCP_inst/Wrapper_SiTCP/SiTCP/SiTCP/UDP/UDP_LOC/verOk                |                                                                                             |                1 |              4 |
|  System_Clock/U0/clk_out1 |                                                                       | SiTCP_inst/Wrapper_SiTCP/SiTCP/SiTCP_INT/SiTCP_INT_REG/CNTRL_RE_inv                         |                1 |              4 |
|  System_Clock/U0/clk_out1 | SiTCP_inst/Wrapper_SiTCP/SiTCP/SiTCP/TCP/TCP_PRE/orCmpEnb             | SiTCP_inst/Wrapper_SiTCP/SiTCP/SiTCP/TCP/TCP_PRE/_n0358                                     |                2 |              4 |
|  System_Clock/U0/clk_out1 | SiTCP_inst/Wrapper_SiTCP/SiTCP/SiTCP/TCP/TCP_PRE/tcpProcStartDly[13]  |                                                                                             |                3 |              4 |
|  System_Clock/U0/clk_out1 | SiTCP_inst/Wrapper_SiTCP/SiTCP/SiTCP/TCP/TCP_PRE/tcpHdLenLd           |                                                                                             |                1 |              4 |
|  System_Clock/U0/clk_out1 | SiTCP_inst/Wrapper_SiTCP/SiTCP/SiTCP/ECIF_TX/irEcifSoIpHd             |                                                                                             |                1 |              4 |
|  System_Clock/U0/clk_out1 | SiTCP_inst/Wrapper_SiTCP/SiTCP/SiTCP_INT/SiTCP_INT_CNTRL/eepOpReq     |                                                                                             |                3 |              4 |
|  System_Clock/U0/clk_out1 |                                                                       | SiTCP_inst/Wrapper_SiTCP/SiTCP/SiTCP/ECIF_RX/ipDlyTimEnb_inv                                |                1 |              4 |
|  System_Clock/U0/clk_out1 |                                                                       | SiTCP_inst/Wrapper_SiTCP/SiTCP/SiTCP/TCP/TXCNT_IDLE                                         |                3 |              4 |
|  System_Clock/U0/clk_out1 |                                                                       | SiTCP_inst/Wrapper_SiTCP/SiTCP/SiTCP/TCP/TCP_TXCNT/irEcifTxAck<0>_inv                       |                2 |              4 |
|  xlnx_opt__1              | SiTCP_inst/Wrapper_SiTCP/SiTCP/GMII/GMII_RXCNT/dlyRxPrlTim            | SiTCP_inst/Wrapper_SiTCP/SiTCP/BBT_SiTCP_RST/resetReq[1]                                    |                1 |              4 |
|  System_Clock/U0/clk_out1 | SiTCP_inst/Wrapper_SiTCP/E[0]                                         | SiTCP_inst/Wrapper_SiTCP/SiTCP/BBT_SiTCP_RST/resetReq[1]                                    |                2 |              5 |
|  System_Clock/U0/clk_out1 | SiTCP_inst/Wrapper_SiTCP/SiTCP/SiTCP/TCP/TCP_MNGR/irTim1ms            | SiTCP_inst/Wrapper_SiTCP/SiTCP/BBT_SiTCP_RST/resetReq[1]                                    |                2 |              5 |
|  System_Clock/U0/clk_out1 | SiTCP_inst/Wrapper_SiTCP/SiTCP/GMII/GMII_RXBUF/rdVal                  | SiTCP_inst/Wrapper_SiTCP/SiTCP/SiTCP/ECIF_RX/_n0435                                         |                2 |              5 |
|  System_Clock/U0/clk_out1 |                                                                       | SiTCP_inst/Wrapper_SiTCP/SiTCP/SiTCP/ECIF_RX/ipExe_inv                                      |                2 |              5 |
|  System_Clock/U0/clk_out1 | SiTCP_inst/Wrapper_SiTCP/SiTCP/SiTCP/TCP/TCP_MNGR/initDataSel<4>_inv  | SiTCP_inst/Wrapper_SiTCP/SiTCP/SiTCP/TCP/TCP_MNGR/clntModeInit_inv                          |                2 |              5 |
|  System_Clock/U0/clk_out1 |                                                                       | SiTCP_inst/Wrapper_SiTCP/SiTCP/SiTCP/ECIF_RX/gateRv_inv                                     |                2 |              5 |
|  System_Clock/U0/clk_out1 | SiTCP_inst/Wrapper_SiTCP/SiTCP/SiTCP/TCP/TCP_MNGR/mssOptVal[3]        |                                                                                             |                1 |              5 |
|  System_Clock/U0/clk_out1 |                                                                       | SiTCP_inst/Wrapper_SiTCP/SiTCP/SiTCP/UDP/UDP_LOC/irPreVal_inv                               |                3 |              5 |
|  System_Clock/U0/clk_out1 | SiTCP_inst/Wrapper_SiTCP/SiTCP/SiTCP/TCP/TCP_TXCNT/irEcifTxAck<1>_inv |                                                                                             |                3 |              5 |
|  System_Clock/U0/clk_out1 |                                                                       | SiTCP_inst/Wrapper_SiTCP/SiTCP/SiTCP/UDP/UDP_LOC/prmtrWr_inv                                |                2 |              5 |
|  System_Clock/U0/clk_out1 | SiTCP_inst/Wrapper_SiTCP/SiTCP/SiTCP/TCP/TCP_MNGR/mssOptVal[2]        |                                                                                             |                1 |              5 |
|  System_Clock/U0/clk_out1 |                                                                       | SiTCP_inst/Wrapper_SiTCP/SiTCP/SiTCP/TCP/TCP_PRE/tcpExe_inv                                 |                2 |              6 |
|  xlnx_opt__1              | SiTCP_inst/Wrapper_SiTCP/SiTCP/GMII/GMII_RXCNT/_n1014_inv             | SiTCP_inst/Wrapper_SiTCP/SiTCP/BBT_SiTCP_RST/resetReq[1]                                    |                4 |              6 |
|  System_Clock/U0/clk_out1 |                                                                       | SiTCP_inst/Wrapper_SiTCP/SiTCP/SiTCP/TCP/TCP_TXCNT/hdCuntClr                                |                2 |              7 |
|  System_Clock/U0/clk_out1 | SiTCP_inst/Wrapper_SiTCP/SiTCP/SiTCP/TCP/TCP_TXCNT/_n1816_inv         |                                                                                             |                3 |              8 |
|  System_Clock/U0/clk_out1 | SiTCP_inst/Wrapper_SiTCP/SiTCP/SiTCP/UDP/UDP_LOC/rcvdAddrLd[3]        |                                                                                             |                3 |              8 |
|  System_Clock/U0/clk_out1 | SiTCP_inst/Wrapper_SiTCP/I51[0]                                       | SiTCP_inst/Wrapper_SiTCP/SiTCP/BBT_SiTCP_RST/resetReq[1]                                    |                2 |              8 |
|  System_Clock/U0/clk_out1 | SiTCP_inst/Wrapper_SiTCP/I49[0]                                       | SiTCP_inst/Wrapper_SiTCP/SiTCP/BBT_SiTCP_RST/resetReq[1]                                    |                4 |              8 |
|  System_Clock/U0/clk_out1 | SiTCP_inst/Wrapper_SiTCP/I48[0]                                       |                                                                                             |                6 |              8 |
|  System_Clock/U0/clk_out1 | SiTCP_inst/Wrapper_SiTCP/I47[0]                                       |                                                                                             |                2 |              8 |
|  System_Clock/U0/clk_out1 | SiTCP_inst/Wrapper_SiTCP/I46[0]                                       |                                                                                             |                3 |              8 |
|  System_Clock/U0/clk_out1 | SiTCP_inst/Wrapper_SiTCP/I45[0]                                       |                                                                                             |                2 |              8 |
|  System_Clock/U0/clk_out1 |                                                                       | SiTCP_inst/Wrapper_SiTCP/SiTCP/SiTCP/ECIF_TX/ipHdEndDly[1]_reduce_or_58_o                   |                2 |              8 |
|  System_Clock/U0/clk_out1 | SiTCP_inst/Wrapper_SiTCP/I44[0]                                       |                                                                                             |                2 |              8 |
|  System_Clock/U0/clk_out1 | SiTCP_inst/Wrapper_SiTCP/I43[0]                                       |                                                                                             |                4 |              8 |
|  System_Clock/U0/clk_out1 | SiTCP_inst/Wrapper_SiTCP/I42[0]                                       |                                                                                             |                3 |              8 |
|  System_Clock/U0/clk_out1 | SiTCP_inst/Wrapper_SiTCP/I41[0]                                       |                                                                                             |                2 |              8 |
|  System_Clock/U0/clk_out1 | SiTCP_inst/Wrapper_SiTCP/I40[0]                                       |                                                                                             |                3 |              8 |
|  System_Clock/U0/clk_out1 | SiTCP_inst/Wrapper_SiTCP/I38[0]                                       |                                                                                             |                4 |              8 |
|  System_Clock/U0/clk_out1 | SiTCP_inst/Wrapper_SiTCP/I37[0]                                       |                                                                                             |                7 |              8 |
|  System_Clock/U0/clk_out1 | SiTCP_inst/Wrapper_SiTCP/I36[0]                                       |                                                                                             |                6 |              8 |
|  System_Clock/U0/clk_out1 | SiTCP_inst/Wrapper_SiTCP/SiTCP/SiTCP/TCP/TCP_TXCNT/_n1240_inv         |                                                                                             |                5 |              8 |
|  System_Clock/U0/clk_out1 | SiTCP_inst/Wrapper_SiTCP/SiTCP/SiTCP/TCP/TCP_TXCNT/_n1288_inv         |                                                                                             |                3 |              8 |
|  System_Clock/U0/clk_out1 | SiTCP_inst/Wrapper_SiTCP/SiTCP/SiTCP/TCP/TCP_TXCNT/_n1336_inv         |                                                                                             |                4 |              8 |
|  System_Clock/U0/clk_out1 | SiTCP_inst/Wrapper_SiTCP/SiTCP/SiTCP/TCP/TCP_TXCNT/_n1384_inv         |                                                                                             |                4 |              8 |
|  System_Clock/U0/clk_out1 | SiTCP_inst/Wrapper_SiTCP/SiTCP/SiTCP/TCP/TCP_TXCNT/_n1432_inv         |                                                                                             |                4 |              8 |
|  System_Clock/U0/clk_out1 | SiTCP_inst/Wrapper_SiTCP/SiTCP/SiTCP/TCP/TCP_TXCNT/_n1480_inv         |                                                                                             |                4 |              8 |
|  System_Clock/U0/clk_out1 | SiTCP_inst/Wrapper_SiTCP/SiTCP/SiTCP/TCP/TCP_TXCNT/_n1528_inv         |                                                                                             |                4 |              8 |
|  System_Clock/U0/clk_out1 | SiTCP_inst/Wrapper_SiTCP/SiTCP/SiTCP/TCP/TCP_TXCNT/_n1576_inv         |                                                                                             |                4 |              8 |
|  System_Clock/U0/clk_out1 | SiTCP_inst/Wrapper_SiTCP/SiTCP/SiTCP/TCP/TCP_TXCNT/_n1624_inv         |                                                                                             |                3 |              8 |
|  System_Clock/U0/clk_out1 | SiTCP_inst/Wrapper_SiTCP/SiTCP/SiTCP/TCP/TCP_TXCNT/_n1672_inv         |                                                                                             |                3 |              8 |
|  System_Clock/U0/clk_out1 | SiTCP_inst/Wrapper_SiTCP/SiTCP/SiTCP/TCP/TCP_TXCNT/_n1720_inv         |                                                                                             |                3 |              8 |
|  System_Clock/U0/clk_out1 | SiTCP_inst/Wrapper_SiTCP/SiTCP/SiTCP/TCP/TCP_TXCNT/_n1768_inv         |                                                                                             |                3 |              8 |
|  System_Clock/U0/clk_out1 | SiTCP_inst/Wrapper_SiTCP/I39[0]                                       |                                                                                             |                4 |              8 |
|  System_Clock/U0/clk_out1 | SiTCP_inst/Wrapper_SiTCP/SiTCP/SiTCP/TCP/TCP_TXCNT/_n1864_inv         |                                                                                             |                2 |              8 |
|  System_Clock/U0/clk_out1 | SiTCP_inst/Wrapper_SiTCP/I35[0]                                       |                                                                                             |                4 |              8 |
|  System_Clock/U0/clk_out1 | SiTCP_inst/Wrapper_SiTCP/I34[0]                                       |                                                                                             |                5 |              8 |
|  System_Clock/U0/clk_out1 | SiTCP_inst/Wrapper_SiTCP/I33[0]                                       |                                                                                             |                3 |              8 |
|  System_Clock/U0/clk_out1 | SiTCP_inst/Wrapper_SiTCP/I32[0]                                       |                                                                                             |                4 |              8 |
|  System_Clock/U0/clk_out1 | SiTCP_inst/Wrapper_SiTCP/I31[0]                                       |                                                                                             |                2 |              8 |
|  System_Clock/U0/clk_out1 | SiTCP_inst/Wrapper_SiTCP/I30[0]                                       |                                                                                             |                2 |              8 |
|  System_Clock/U0/clk_out1 | SiTCP_inst/Wrapper_SiTCP/I29[0]                                       |                                                                                             |                4 |              8 |
|  System_Clock/U0/clk_out1 | SiTCP_inst/Wrapper_SiTCP/I28[0]                                       |                                                                                             |                2 |              8 |
|  System_Clock/U0/clk_out1 | SiTCP_inst/Wrapper_SiTCP/SiTCP/SiTCP/UDP/UDP_LOC/idLd                 |                                                                                             |                2 |              8 |
|  System_Clock/U0/clk_out1 | SiTCP_inst/Wrapper_SiTCP/SiTCP/SiTCP/UDP/UDP_LOC/irBusAck             | SiTCP_inst/Wrapper_SiTCP/SiTCP/SiTCP/UDP/UDP_LOC/procBusy_inv                               |                2 |              8 |
|  System_Clock/U0/clk_out1 | SiTCP_inst/Wrapper_SiTCP/I27[0]                                       |                                                                                             |                3 |              8 |
|  System_Clock/U0/clk_out1 | SiTCP_inst/Wrapper_SiTCP/I26[0]                                       |                                                                                             |                3 |              8 |
|  System_Clock/U0/clk_out1 | SiTCP_inst/Wrapper_SiTCP/I25[0]                                       |                                                                                             |                4 |              8 |
|  xlnx_opt__1              |                                                                       | SiTCP_inst/Wrapper_SiTCP/SiTCP/BBT_SiTCP_RST/resetReq[1]                                    |                4 |              8 |
|  xlnx_opt__1              |                                                                       | SiTCP_inst/Wrapper_SiTCP/SiTCP/GMII/GMII_RXCNT/rxSfd                                        |                3 |              8 |
|  System_Clock/U0/clk_out1 | SiTCP_inst/Wrapper_SiTCP/SiTCP/SiTCP/TCP/TCP_MNGR/cmpMemWr            |                                                                                             |                2 |              8 |
|  System_Clock/U0/clk_out1 | SiTCP_inst/Wrapper_SiTCP/SiTCP/SiTCP_INT/SiTCP_INT_REG/_n1208_inv     | SiTCP_inst/Wrapper_SiTCP/SiTCP/BBT_SiTCP_RST/resetReq[1]                                    |                3 |              8 |
|  System_Clock/U0/clk_out1 | SiTCP_inst/Wrapper_SiTCP/SiTCP/SiTCP_INT/MII_MIF/_n0137_inv           |                                                                                             |                1 |              8 |
|  System_Clock/U0/clk_out1 | SiTCP_inst/Wrapper_SiTCP/SiTCP/SiTCP_INT/SiTCP_INT_CNTRL/_n0202_inv   | SiTCP_inst/Wrapper_SiTCP/SiTCP/SiTCP_INT/SiTCP_INT_CNTRL/busTimClr                          |                2 |              8 |
|  System_Clock/U0/clk_out1 | SiTCP_inst/Wrapper_SiTCP/SiTCP/SiTCP_INT/SiTCP_INT_CNTRL/orDmacAck    |                                                                                             |                2 |              8 |
|  System_Clock/U0/clk_out1 | SiTCP_inst/Wrapper_SiTCP/SiTCP/SiTCP_INT/SiTCP_INT_REG/_n1160_inv     | SiTCP_inst/Wrapper_SiTCP/SiTCP/BBT_SiTCP_RST/resetReq[1]                                    |                4 |              8 |
|  System_Clock/U0/clk_out1 | SiTCP_inst/Wrapper_SiTCP/SiTCP/SiTCP_INT/SiTCP_INT_REG/_n1172_inv     | SiTCP_inst/Wrapper_SiTCP/SiTCP/BBT_SiTCP_RST/resetReq[1]                                    |                1 |              8 |
|  System_Clock/U0/clk_out1 | SiTCP_inst/Wrapper_SiTCP/SiTCP/SiTCP_INT/SiTCP_INT_REG/_n1176_inv     | SiTCP_inst/Wrapper_SiTCP/SiTCP/BBT_SiTCP_RST/resetReq[1]                                    |                4 |              8 |
|  System_Clock/U0/clk_out1 | SiTCP_inst/Wrapper_SiTCP/SiTCP/SiTCP_INT/SiTCP_INT_REG/_n1180_inv     | SiTCP_inst/Wrapper_SiTCP/SiTCP/BBT_SiTCP_RST/resetReq[1]                                    |                2 |              8 |
|  System_Clock/U0/clk_out1 | SiTCP_inst/Wrapper_SiTCP/SiTCP/SiTCP_INT/SiTCP_INT_REG/_n1184_inv     | SiTCP_inst/Wrapper_SiTCP/SiTCP/BBT_SiTCP_RST/resetReq[1]                                    |                4 |              8 |
|  System_Clock/U0/clk_out1 | SiTCP_inst/Wrapper_SiTCP/SiTCP/SiTCP_INT/SiTCP_INT_REG/_n1188_inv     | SiTCP_inst/Wrapper_SiTCP/SiTCP/BBT_SiTCP_RST/resetReq[1]                                    |                2 |              8 |
|  System_Clock/U0/clk_out1 | SiTCP_inst/Wrapper_SiTCP/SiTCP/SiTCP_INT/SiTCP_INT_REG/_n1192_inv     | SiTCP_inst/Wrapper_SiTCP/SiTCP/BBT_SiTCP_RST/resetReq[1]                                    |                2 |              8 |
|  System_Clock/U0/clk_out1 | SiTCP_inst/Wrapper_SiTCP/SiTCP/SiTCP_INT/SiTCP_INT_REG/_n1196_inv     | SiTCP_inst/Wrapper_SiTCP/SiTCP/BBT_SiTCP_RST/resetReq[1]                                    |                4 |              8 |
|  System_Clock/U0/clk_out1 | SiTCP_inst/Wrapper_SiTCP/SiTCP/SiTCP_INT/SiTCP_INT_REG/_n1200_inv     | SiTCP_inst/Wrapper_SiTCP/SiTCP/BBT_SiTCP_RST/resetReq[1]                                    |                4 |              8 |
|  System_Clock/U0/clk_out1 | SiTCP_inst/Wrapper_SiTCP/SiTCP/SiTCP_INT/SiTCP_INT_REG/_n1204_inv     | SiTCP_inst/Wrapper_SiTCP/SiTCP/BBT_SiTCP_RST/resetReq[1]                                    |                2 |              8 |
|  System_Clock/U0/clk_out1 | SiTCP_inst/Wrapper_SiTCP/SiTCP/SiTCP_INT/SiTCP_INT_REG/_n1340_inv     | SiTCP_inst/Wrapper_SiTCP/SiTCP/BBT_SiTCP_RST/resetReq[1]                                    |                1 |              8 |
|  System_Clock/U0/clk_out1 | SiTCP_inst/Wrapper_SiTCP/SiTCP/SiTCP_INT/SiTCP_INT_REG/_n1212_inv     | SiTCP_inst/Wrapper_SiTCP/SiTCP/BBT_SiTCP_RST/resetReq[1]                                    |                2 |              8 |
|  System_Clock/U0/clk_out1 | SiTCP_inst/Wrapper_SiTCP/SiTCP/SiTCP_INT/SiTCP_INT_REG/_n1216_inv     | SiTCP_inst/Wrapper_SiTCP/SiTCP/BBT_SiTCP_RST/resetReq[1]                                    |                2 |              8 |
|  System_Clock/U0/clk_out1 | SiTCP_inst/Wrapper_SiTCP/SiTCP/SiTCP_INT/SiTCP_INT_REG/_n1220_inv     | SiTCP_inst/Wrapper_SiTCP/SiTCP/BBT_SiTCP_RST/resetReq[1]                                    |                2 |              8 |
|  System_Clock/U0/clk_out1 | SiTCP_inst/Wrapper_SiTCP/SiTCP/SiTCP_INT/SiTCP_INT_REG/_n1224_inv     | SiTCP_inst/Wrapper_SiTCP/SiTCP/BBT_SiTCP_RST/resetReq[1]                                    |                2 |              8 |
|  System_Clock/U0/clk_out1 | SiTCP_inst/Wrapper_SiTCP/SiTCP/SiTCP_INT/SiTCP_INT_REG/_n1228_inv     | SiTCP_inst/Wrapper_SiTCP/SiTCP/BBT_SiTCP_RST/resetReq[1]                                    |                3 |              8 |
|  System_Clock/U0/clk_out1 | SiTCP_inst/Wrapper_SiTCP/SiTCP/SiTCP_INT/SiTCP_INT_REG/_n1232_inv     | SiTCP_inst/Wrapper_SiTCP/SiTCP/BBT_SiTCP_RST/resetReq[1]                                    |                3 |              8 |
|  System_Clock/U0/clk_out1 | SiTCP_inst/Wrapper_SiTCP/SiTCP/SiTCP_INT/SiTCP_INT_REG/_n1236_inv     | SiTCP_inst/Wrapper_SiTCP/SiTCP/BBT_SiTCP_RST/resetReq[1]                                    |                3 |              8 |
|  System_Clock/U0/clk_out1 | SiTCP_inst/Wrapper_SiTCP/SiTCP/SiTCP_INT/SiTCP_INT_REG/_n1240_inv     | SiTCP_inst/Wrapper_SiTCP/SiTCP/BBT_SiTCP_RST/resetReq[1]                                    |                3 |              8 |
|  System_Clock/U0/clk_out1 | SiTCP_inst/Wrapper_SiTCP/SiTCP/SiTCP_INT/SiTCP_INT_REG/_n1252_inv     | SiTCP_inst/Wrapper_SiTCP/SiTCP/BBT_SiTCP_RST/resetReq[1]                                    |                4 |              8 |
|  System_Clock/U0/clk_out1 | SiTCP_inst/Wrapper_SiTCP/SiTCP/SiTCP_INT/SiTCP_INT_REG/_n1260_inv     | SiTCP_inst/Wrapper_SiTCP/SiTCP/BBT_SiTCP_RST/resetReq[1]                                    |                3 |              8 |
|  System_Clock/U0/clk_out1 | SiTCP_inst/Wrapper_SiTCP/SiTCP/SiTCP_INT/SiTCP_INT_REG/_n1268_inv     | SiTCP_inst/Wrapper_SiTCP/SiTCP/BBT_SiTCP_RST/resetReq[1]                                    |                4 |              8 |
|  System_Clock/U0/clk_out1 | SiTCP_inst/Wrapper_SiTCP/SiTCP/SiTCP_INT/SiTCP_INT_REG/_n1272_inv     | SiTCP_inst/Wrapper_SiTCP/SiTCP/BBT_SiTCP_RST/resetReq[1]                                    |                2 |              8 |
|  System_Clock/U0/clk_out1 | SiTCP_inst/Wrapper_SiTCP/SiTCP/SiTCP_INT/SiTCP_INT_REG/_n1276_inv     | SiTCP_inst/Wrapper_SiTCP/SiTCP/BBT_SiTCP_RST/resetReq[1]                                    |                3 |              8 |
|  System_Clock/U0/clk_out1 | SiTCP_inst/Wrapper_SiTCP/SiTCP/SiTCP_INT/SiTCP_INT_REG/_n1280_inv     | SiTCP_inst/Wrapper_SiTCP/SiTCP/BBT_SiTCP_RST/resetReq[1]                                    |                2 |              8 |
|  System_Clock/U0/clk_out1 | SiTCP_inst/Wrapper_SiTCP/SiTCP/SiTCP_INT/SiTCP_INT_REG/_n1284_inv     | SiTCP_inst/Wrapper_SiTCP/SiTCP/BBT_SiTCP_RST/resetReq[1]                                    |                5 |              8 |
|  System_Clock/U0/clk_out1 | SiTCP_inst/Wrapper_SiTCP/SiTCP/SiTCP_INT/SiTCP_INT_REG/_n1288_inv     | SiTCP_inst/Wrapper_SiTCP/SiTCP/BBT_SiTCP_RST/resetReq[1]                                    |                4 |              8 |
|  System_Clock/U0/clk_out1 | SiTCP_inst/Wrapper_SiTCP/SiTCP/SiTCP_INT/SiTCP_INT_REG/_n1292_inv     | SiTCP_inst/Wrapper_SiTCP/SiTCP/BBT_SiTCP_RST/resetReq[1]                                    |                2 |              8 |
|  System_Clock/U0/clk_out1 | SiTCP_inst/Wrapper_SiTCP/SiTCP/SiTCP_INT/SiTCP_INT_REG/_n1296_inv     | SiTCP_inst/Wrapper_SiTCP/SiTCP/BBT_SiTCP_RST/resetReq[1]                                    |                2 |              8 |
|  System_Clock/U0/clk_out1 | SiTCP_inst/Wrapper_SiTCP/SiTCP/SiTCP_INT/SiTCP_INT_REG/_n1300_inv     | SiTCP_inst/Wrapper_SiTCP/SiTCP/BBT_SiTCP_RST/resetReq[1]                                    |                1 |              8 |
|  System_Clock/U0/clk_out1 | SiTCP_inst/Wrapper_SiTCP/SiTCP/SiTCP_INT/SiTCP_INT_REG/_n1304_inv     | SiTCP_inst/Wrapper_SiTCP/SiTCP/BBT_SiTCP_RST/resetReq[1]                                    |                2 |              8 |
|  System_Clock/U0/clk_out1 | SiTCP_inst/Wrapper_SiTCP/SiTCP/SiTCP_INT/SiTCP_INT_REG/_n1308_inv     | SiTCP_inst/Wrapper_SiTCP/SiTCP/BBT_SiTCP_RST/resetReq[1]                                    |                2 |              8 |
|  System_Clock/U0/clk_out1 | SiTCP_inst/Wrapper_SiTCP/SiTCP/SiTCP_INT/SiTCP_INT_REG/_n1312_inv     | SiTCP_inst/Wrapper_SiTCP/SiTCP/BBT_SiTCP_RST/resetReq[1]                                    |                1 |              8 |
|  System_Clock/U0/clk_out1 | SiTCP_inst/Wrapper_SiTCP/SiTCP/SiTCP_INT/SiTCP_INT_REG/_n1316_inv     | SiTCP_inst/Wrapper_SiTCP/SiTCP/BBT_SiTCP_RST/resetReq[1]                                    |                2 |              8 |
|  System_Clock/U0/clk_out1 | SiTCP_inst/Wrapper_SiTCP/SiTCP/SiTCP_INT/SiTCP_INT_REG/_n1320_inv     | SiTCP_inst/Wrapper_SiTCP/SiTCP/BBT_SiTCP_RST/resetReq[1]                                    |                3 |              8 |
|  System_Clock/U0/clk_out1 | SiTCP_inst/Wrapper_SiTCP/SiTCP/SiTCP_INT/SiTCP_INT_REG/_n1324_inv     | SiTCP_inst/Wrapper_SiTCP/SiTCP/BBT_SiTCP_RST/resetReq[1]                                    |                2 |              8 |
|  System_Clock/U0/clk_out1 | SiTCP_inst/Wrapper_SiTCP/SiTCP/SiTCP_INT/SiTCP_INT_REG/_n1328_inv     | SiTCP_inst/Wrapper_SiTCP/SiTCP/BBT_SiTCP_RST/resetReq[1]                                    |                2 |              8 |
|  System_Clock/U0/clk_out1 | SiTCP_inst/Wrapper_SiTCP/SiTCP/SiTCP_INT/SiTCP_INT_REG/_n1332_inv     | SiTCP_inst/Wrapper_SiTCP/SiTCP/BBT_SiTCP_RST/resetReq[1]                                    |                4 |              8 |
|  System_Clock/U0/clk_out1 | SiTCP_inst/Wrapper_SiTCP/SiTCP/SiTCP_INT/SiTCP_INT_REG/_n1336_inv     | SiTCP_inst/Wrapper_SiTCP/SiTCP/BBT_SiTCP_RST/resetReq[1]                                    |                1 |              8 |
|  System_Clock/U0/clk_out1 | SiTCP_inst/Wrapper_SiTCP/SiTCP/SiTCP_INT/SiTCP_INT_REG/_n1344_inv     | SiTCP_inst/Wrapper_SiTCP/SiTCP/BBT_SiTCP_RST/resetReq[1]                                    |                2 |              8 |
|  System_Clock/U0/clk_out1 | SiTCP_inst/Wrapper_SiTCP/SiTCP/SiTCP_INT/SiTCP_INT_REG/_n1349_inv     | SiTCP_inst/Wrapper_SiTCP/SiTCP/BBT_SiTCP_RST/resetReq[1]                                    |                4 |              8 |
|  System_Clock/U0/clk_out1 | SiTCP_inst/Wrapper_SiTCP/SiTCP/SiTCP/TCP/TCP_PRE/tcpProcStartDly[4]   |                                                                                             |                1 |              8 |
|  System_Clock/U0/clk_out1 | SiTCP_inst/Wrapper_SiTCP/SiTCP/SiTCP/TCP/TCP_PRE/tcpProcStartDly[5]   |                                                                                             |                2 |              8 |
|  System_Clock/U0/clk_out1 | SiTCP_inst/Wrapper_SiTCP/SiTCP/SiTCP/TCP/TCP_PRE/tcpProcStartDly[6]   |                                                                                             |                2 |              8 |
|  System_Clock/U0/clk_out1 | SiTCP_inst/Wrapper_SiTCP/SiTCP/SiTCP/TCP/TCP_PRE/tcpProcStartDly[7]   |                                                                                             |                2 |              8 |
|  System_Clock/U0/clk_out1 | SiTCP_inst/Wrapper_SiTCP/SiTCP/SiTCP/TCP/TCP_PRE/tcpProcStartDly[8]   |                                                                                             |                2 |              8 |
|  System_Clock/U0/clk_out1 | SiTCP_inst/Wrapper_SiTCP/SiTCP/SiTCP/TCP/TCP_PRE/tcpProcStartDly[9]   |                                                                                             |                1 |              8 |
|  System_Clock/U0/clk_out1 | SiTCP_inst/Wrapper_SiTCP/SiTCP/SiTCP/TCP/TCP_PRE/tcpProcStartDly[10]  |                                                                                             |                3 |              8 |
|  System_Clock/U0/clk_out1 | SiTCP_inst/Wrapper_SiTCP/SiTCP/SiTCP/TCP/TCP_PRE/tcpProcStartDly[11]  |                                                                                             |                2 |              8 |
|  System_Clock/U0/clk_out1 | SiTCP_inst/Wrapper_SiTCP/SiTCP/SiTCP/TCP/TCP_PRE/tcpProcStartDly[14]  |                                                                                             |                2 |              8 |
|  System_Clock/U0/clk_out1 | SiTCP_inst/Wrapper_SiTCP/SiTCP/SiTCP/TCP/TCP_PRE/tcpProcStartDly[15]  |                                                                                             |                4 |              8 |
|  System_Clock/U0/clk_out1 | SiTCP_inst/Wrapper_SiTCP/SiTCP/SiTCP/UDP/UDP_LOC/memRv[1]             | SiTCP_inst/Wrapper_SiTCP/SiTCP/BBT_SiTCP_RST/resetReq[1]                                    |                3 |              8 |
|  System_Clock/U0/clk_out1 | SiTCP_inst/Wrapper_SiTCP/SiTCP/SiTCP/UDP/UDP_LOC/rcvdAddrLd[0]        |                                                                                             |                2 |              8 |
|  System_Clock/U0/clk_out1 | SiTCP_inst/Wrapper_SiTCP/SiTCP/SiTCP/UDP/UDP_LOC/rcvdAddrLd[1]        |                                                                                             |                2 |              8 |
|  System_Clock/U0/clk_out1 | SiTCP_inst/Wrapper_SiTCP/SiTCP/SiTCP/UDP/UDP_LOC/rcvdAddrLd[2]        |                                                                                             |                2 |              8 |
|  System_Clock/U0/clk_out1 |                                                                       | SiTCP_inst/Wrapper_SiTCP/SiTCP/SiTCP_INT/SiTCP_INT_CNTRL/orDmacArbtAck_inv                  |                2 |              9 |
|  System_Clock/U0/clk_out1 |                                                                       | SiTCP_inst/Wrapper_SiTCP/SiTCP/SiTCP_INT/SiTCP_INT_CNTRL/orIbusArbtAck_inv                  |                2 |              9 |
|  xlnx_opt__1              | SiTCP_inst/Wrapper_SiTCP/SiTCP/GMII/GMII_RXCNT/dlyRxPrlVal            |                                                                                             |                4 |              9 |
|  System_Clock/U0/clk_out1 |                                                                       | n_0_sys_rst_reg                                                                             |                2 |              9 |
|  System_Clock/U0/clk_out1 | SiTCP_inst/Wrapper_SiTCP/SiTCP/SiTCP/UDP/UDP_LOC/lngthLd              |                                                                                             |                3 |              9 |
|  System_Clock/U0/clk_out1 |                                                                       | SiTCP_inst/Wrapper_SiTCP/SiTCP/SiTCP/ECIF_RX/irTxEcifAck[2]_subPckBufCry_OR_176_o           |                2 |              9 |
|  System_Clock/U0/clk_out1 |                                                                       | SiTCP_inst/Wrapper_SiTCP/SiTCP/SiTCP/TCP/TCP_MNGR/tcpRst                                    |                3 |              9 |
|  System_Clock/U0/clk_out1 | SiTCP_inst/Wrapper_SiTCP/SiTCP/SiTCP/UDP/UDP_LOC/procLenEnb           |                                                                                             |                3 |              9 |
|  System_Clock/U0/clk_out1 |                                                                       | SiTCP_inst/Wrapper_SiTCP/SiTCP/SiTCP/UDP/UDP_LOC/irEcifTxEnb_inv                            |                3 |             10 |
|  System_Clock/U0/clk_out1 | SiTCP_inst/Wrapper_SiTCP/SiTCP/SiTCP_INT/MII_MIF/irTim1us             | SiTCP_inst/Wrapper_SiTCP/SiTCP/BBT_SiTCP_RST/resetReq[1]                                    |                4 |             10 |
|  System_Clock/U0/clk_out1 | SiTCP_inst/Wrapper_SiTCP/SiTCP/SiTCP_INT/MII_MIF/shftTim              | SiTCP_inst/Wrapper_SiTCP/SiTCP/SiTCP_INT/MII_MIF/irRe_irWeSum_OR_418_o                      |                3 |             10 |
|  SiTCP_inst/O             | SiTCP_inst/Wrapper_SiTCP/SiTCP/GMII/GMII_TXCNT/memRe                  | SiTCP_inst/Wrapper_SiTCP/SiTCP/GMII/GMII_TXCNT/rdReq_inv                                    |                3 |             11 |
|  System_Clock/U0/clk_out1 |                                                                       | SiTCP_inst/Wrapper_SiTCP/SiTCP/SiTCP/TCP/TCP_TXCNT/payTxEnb_inv                             |                4 |             11 |
|  System_Clock/U0/clk_out1 | SiTCP_inst/Wrapper_SiTCP/SiTCP/GMII/GMII_TXBUF/irLay3WrVal            | SiTCP_inst/Wrapper_SiTCP/SiTCP/GMII/GMII_TXBUF/_n0734                                       |                3 |             11 |
|  System_Clock/U0/clk_out1 |                                                                       | SiTCP_inst/Wrapper_SiTCP/SiTCP/SiTCP/ECIF_RX/irTxEcifAck<0>_inv                             |                3 |             11 |
|  System_Clock/U0/clk_out1 | SiTCP_inst/Wrapper_SiTCP/SiTCP/GMII/GMII_RXBUF/rdAddrEnbDly[1]        | SiTCP_inst/Wrapper_SiTCP/SiTCP/BBT_SiTCP_RST/resetReq[1]                                    |                3 |             11 |
|  SiTCP_inst/O             | SiTCP_inst/Wrapper_SiTCP/SiTCP/GMII/GMII_TXBUF/orVal                  | SiTCP_inst/Wrapper_SiTCP/SiTCP/BBT_SiTCP_RST/resetReq[1]                                    |                3 |             11 |
|  System_Clock/U0/clk_out1 | SiTCP_inst/Wrapper_SiTCP/TIMER/sTim0                                  | n_0_sys_rst_reg                                                                             |                3 |             11 |
|  SiTCP_inst/O             | SiTCP_inst/Wrapper_SiTCP/SiTCP/GMII/GMII_TXBUF/muxSof                 | SiTCP_inst/Wrapper_SiTCP/SiTCP/BBT_SiTCP_RST/resetReq[1]                                    |                6 |             11 |
|  System_Clock/U0/clk_out1 | SiTCP_inst/Wrapper_SiTCP/SiTCP/GMII/GMII_TXBUF/_n0743_inv             | SiTCP_inst/Wrapper_SiTCP/SiTCP/BBT_SiTCP_RST/resetReq[1]                                    |                3 |             11 |
|  SiTCP_inst/O             |                                                                       | SiTCP_inst/Wrapper_SiTCP/SiTCP/GMII/GMII_TXBUF/runtDet                                      |                2 |             11 |
|  System_Clock/U0/clk_out1 |                                                                       | SiTCP_inst/Wrapper_SiTCP/SiTCP/SiTCP/UDP/UDP_LOC/txMemRe_inv                                |                3 |             11 |
|  System_Clock/U0/clk_out1 | SiTCP_inst/Wrapper_SiTCP/SiTCP/SiTCP/UDP/UDP_LOC/procMaEnb            |                                                                                             |                3 |             11 |
|  System_Clock/U0/clk_out1 | SiTCP_inst/Wrapper_SiTCP/SiTCP/SiTCP/ECIF_RX/pckBufWe                 | SiTCP_inst/Wrapper_SiTCP/SiTCP/SiTCP/ECIF_RX/pckBufBusy_inv                                 |                3 |             11 |
|  System_Clock/U0/clk_out1 | SiTCP_inst/Wrapper_SiTCP/TIMER/usCry                                  | n_0_sys_rst_reg                                                                             |                3 |             11 |
|  System_Clock/U0/clk_out1 | SiTCP_inst/Wrapper_SiTCP/SiTCP/SiTCP/TCP/TCP_TXCNT/hdByteCunt[3]      | SiTCP_inst/Wrapper_SiTCP/SiTCP/SiTCP/TCP/TCP_TXCNT/_n1227                                   |                3 |             11 |
|  System_Clock/U0/clk_out1 | SiTCP_inst/Wrapper_SiTCP/SiTCP/GMII/GMII_TXBUF/_n0747_inv             | SiTCP_inst/Wrapper_SiTCP/SiTCP/BBT_SiTCP_RST/resetReq[1]                                    |                5 |             11 |
|  System_Clock/U0/clk_out1 | SiTCP_inst/Wrapper_SiTCP/SiTCP/GMII/GMII_RXBUF/rdAddrEnb              | SiTCP_inst/Wrapper_SiTCP/SiTCP/BBT_SiTCP_RST/resetReq[1]                                    |                3 |             12 |
|  xlnx_opt__1              | SiTCP_inst/Wrapper_SiTCP/SiTCP/GMII/GMII_RXBUF/wrNrmlEnd              | SiTCP_inst/Wrapper_SiTCP/SiTCP/BBT_SiTCP_RST/resetReq[1]                                    |                3 |             12 |
|  System_Clock/U0/clk_out1 |                                                                       | SiTCP_inst/Wrapper_SiTCP/SiTCP/SiTCP/UDP/UDP_LOC/rcvdWe_inv                                 |                4 |             12 |
|  xlnx_opt__1              | SiTCP_inst/Wrapper_SiTCP/SiTCP/GMII/GMII_RXCNT/dlyRxPrlTim            |                                                                                             |                4 |             12 |
|  xlnx_opt__1              | SiTCP_inst/Wrapper_SiTCP/SiTCP/GMII/GMII_RXBUF/lastWe                 | SiTCP_inst/Wrapper_SiTCP/SiTCP/BBT_SiTCP_RST/resetReq[1]                                    |                2 |             12 |
|  xlnx_opt__1              | SiTCP_inst/Wrapper_SiTCP/SiTCP/GMII/GMII_RXCNT/muxTim                 |                                                                                             |                4 |             12 |
|  System_Clock/U0/clk_out1 |                                                                       | SiTCP_inst/Wrapper_SiTCP/SiTCP/SiTCP/TCP/TCP_TXCNT/memRdBusy_inv                            |                4 |             13 |
|  System_Clock/U0/clk_out1 | SiTCP_inst/Wrapper_SiTCP/SiTCP/SiTCP/UDP/UDP_LOC/irPreSoIp[3]         |                                                                                             |                7 |             14 |
|  xlnx_opt__1              | SiTCP_inst/Wrapper_SiTCP/SiTCP/GMII/GMII_RXCNT/rxVal                  | SiTCP_inst/Wrapper_SiTCP/SiTCP/GMII/GMII_RXCNT/rxSfd                                        |                5 |             14 |
|  System_Clock/U0/clk_out1 | SiTCP_inst/Wrapper_SiTCP/SiTCP/SiTCP/ECIF_TX/lay4ChkVal               |                                                                                             |                5 |             14 |
|  System_Clock/U0/clk_out1 | SiTCP_inst/Wrapper_SiTCP/SiTCP/SiTCP_INT/MII_MIF/_n0153_inv           |                                                                                             |                2 |             16 |
|  System_Clock/U0/clk_out1 | SiTCP_inst/Wrapper_SiTCP/SiTCP/SiTCP_INT/SiTCP_INT_DMAC/wrAddrEnb     |                                                                                             |                5 |             16 |
|  System_Clock/U0/clk_out1 | SiTCP_inst/Wrapper_SiTCP/SiTCP/SiTCP/ECIF_TX/ipHdTim[3]               | SiTCP_inst/Wrapper_SiTCP/SiTCP/BBT_SiTCP_RST/resetReq[1]                                    |                4 |             16 |
|  System_Clock/U0/clk_out1 | SiTCP_inst/Wrapper_SiTCP/SiTCP/SiTCP/ECIF_TX/_n0400_inv               |                                                                                             |                5 |             16 |
|  System_Clock/U0/clk_out1 | SiTCP_inst/Wrapper_SiTCP/SiTCP/SiTCP/TCP/TCP_MNGR/_n0655_inv          | SiTCP_inst/Wrapper_SiTCP/SiTCP/SiTCP/TCP/TCP_MNGR/_n0609                                    |                5 |             16 |
|  System_Clock/U0/clk_out1 | SiTCP_inst/Wrapper_SiTCP/SiTCP/SiTCP/TCP/TCP_MNGR/_n0640_inv          |                                                                                             |                4 |             16 |
|  xlnx_opt__1              | SiTCP_inst/Wrapper_SiTCP/SiTCP/GMII/GMII_RXCNT/rcvdMacFlow            |                                                                                             |                3 |             16 |
|  System_Clock/U0/clk_out1 | SiTCP_inst/Wrapper_SiTCP/SiTCP/SiTCP/TCP/TCP_MNGR/_n0631_inv          |                                                                                             |                4 |             16 |
|  System_Clock/U0/clk_out1 | SiTCP_inst/Wrapper_SiTCP/SiTCP/SiTCP/ECIF_TX/ipChkAddEnb              |                                                                                             |                6 |             17 |
|  System_Clock/U0/clk_out1 | SiTCP_inst/Wrapper_SiTCP/SiTCP/SiTCP/ECIF_TX/lay4ChkAddEnb            |                                                                                             |                5 |             17 |
|  SiTCP_inst/O             | SiTCP_inst/Wrapper_SiTCP/SiTCP/GMII/GMII_TXCNT/macPauseLd[0]          |                                                                                             |                6 |             17 |
|  System_Clock/U0/clk_out1 | SiTCP_inst/Wrapper_SiTCP/SiTCP/SiTCP/TCP/TCP_MNGR/_n0637_inv          |                                                                                             |                5 |             17 |
|  System_Clock/U0/clk_out1 | SiTCP_inst/Wrapper_SiTCP/SiTCP/SiTCP/TCP/TCP_TXCNT/_n1920_inv         |                                                                                             |                5 |             17 |
|  System_Clock/U0/clk_out1 |                                                                       | SiTCP_inst/Wrapper_SiTCP/SiTCP/SiTCP/UDP/UDP_PRE/irEcifRxVal_inv                            |                6 |             19 |
|  System_Clock/U0/clk_out1 | SiTCP_inst/Wrapper_SiTCP/SiTCP/SiTCP/UDP/UDP_LOC/preSoHd[0]           |                                                                                             |                6 |             23 |
|  System_Clock/U0/clk_out1 | SiTCP_inst/Wrapper_SiTCP/SiTCP/SiTCP/TCP/TCP_MNGR/_n0634_inv          |                                                                                             |                6 |             24 |
|  System_Clock/U0/clk_out1 | SiTCP_inst/Wrapper_SiTCP/SiTCP/SiTCP/TCP/TCP_TXCNT/memRdPrmLd[4]      |                                                                                             |                6 |             24 |
|  System_Clock/U0/clk_out1 | SiTCP_inst/Wrapper_SiTCP/SiTCP/SiTCP_INT/SiTCP_INT_DMAC/rdAddrEnb     |                                                                                             |                8 |             25 |
|  xlnx_opt__1              | SiTCP_inst/Wrapper_SiTCP/SiTCP/GMII/GMII_RXCNT/orTim                  |                                                                                             |                8 |             26 |
|  SiTCP_inst/O             | SiTCP_inst/Wrapper_SiTCP/SiTCP/GMII/GMII_TXBUF/muxFcsEnb              | SiTCP_inst/Wrapper_SiTCP/SiTCP/BBT_SiTCP_RST/resetReq[1]                                    |                9 |             32 |
|  System_Clock/U0/clk_out1 | SiTCP_inst/Wrapper_SiTCP/SiTCP/SiTCP/TCP/TCP_TXCNT/irEcifTxAck<1>_inv | SiTCP_inst/Wrapper_SiTCP/SiTCP/SiTCP/TCP/TCP_TXCNT/_n1214                                   |                4 |             32 |
|  System_Clock/U0/clk_out1 | SiTCP_inst/Wrapper_SiTCP/SiTCP/SiTCP_INT/SiTCP_INT_REG/crcWe          | SiTCP_inst/Wrapper_SiTCP/SiTCP/BBT_SiTCP_RST/resetReq[1]                                    |               11 |             32 |
|  System_Clock/U0/clk_out1 | SiTCP_inst/Wrapper_SiTCP/SiTCP/SiTCP/UDP/UDP_LOC/busAddrEnb           |                                                                                             |                8 |             32 |
|  System_Clock/U0/clk_out1 | SiTCP_inst/Wrapper_SiTCP/SiTCP/SiTCP/TCP/TCP_TXCNT/snUpdate           | SiTCP_inst/Wrapper_SiTCP/SiTCP/BBT_SiTCP_RST/resetReq[1]                                    |               12 |             32 |
|  System_Clock/U0/clk_out1 | SiTCP_inst/Wrapper_SiTCP/SiTCP/SiTCP/TCP/TCP_MNGR/snCntEnb            |                                                                                             |                8 |             32 |
|  System_Clock/U0/clk_out1 | SiTCP_inst/Wrapper_SiTCP/SiTCP/SiTCP/TCP/TCP_TXCNT/rdCurCuntEnb       |                                                                                             |                8 |             32 |
|  System_Clock/U0/clk_out1 | SiTCP_inst/Wrapper_SiTCP/SiTCP/SiTCP/TCP/TCP_TXCNT/irMngrIdle         |                                                                                             |                6 |             32 |
|  System_Clock/U0/clk_out1 | SiTCP_inst/Wrapper_SiTCP/SiTCP/SiTCP/TCP/TCP_TXCNT/memRdBusy_inv      | SiTCP_inst/Wrapper_SiTCP/SiTCP/SiTCP/TCP/TCP_TXCNT/irMngrIdle                               |                8 |             32 |
|  xlnx_opt__1              | SiTCP_inst/Wrapper_SiTCP/SiTCP/GMII/GMII_RXCNT/rxPrlVal               | SiTCP_inst/Wrapper_SiTCP/SiTCP/GMII/GMII_RXCNT/rxSfd                                        |               11 |             32 |
|  System_Clock/U0/clk_out1 | SiTCP_inst/Wrapper_SiTCP/SiTCP/SiTCP/TCP/TCP_TXCNT/rcvdOkAck          | SiTCP_inst/Wrapper_SiTCP/SiTCP/BBT_SiTCP_RST/resetReq[1]                                    |                7 |             33 |
|  System_Clock/U0/clk_out1 | SiTCP_inst/Wrapper_SiTCP/SiTCP/SiTCP_INT/MII_MIF/_n0140_inv           |                                                                                             |               13 |             38 |
|  xlnx_opt__1              | SiTCP_inst/Wrapper_SiTCP/SiTCP/GMII/GMII_RXCNT/rxPrlVal               |                                                                                             |               13 |             41 |
|  System_Clock/U0/clk_out1 |                                                                       | SiTCP_inst/Wrapper_SiTCP/SiTCP/SiTCP/TCP/TCP_TXCNT/irMngrIdle                               |               12 |             42 |
|  SiTCP_inst/O             |                                                                       | SiTCP_inst/Wrapper_SiTCP/SiTCP/BBT_SiTCP_RST/resetReq[1]                                    |               23 |             70 |
|  SiTCP_inst/O             |                                                                       |                                                                                             |               39 |            110 |
|  xlnx_opt__1              |                                                                       |                                                                                             |               43 |            111 |
|  System_Clock/U0/clk_out1 |                                                                       | SiTCP_inst/Wrapper_SiTCP/SiTCP/BBT_SiTCP_RST/resetReq[1]                                    |               62 |            197 |
|  System_Clock/U0/clk_out1 |                                                                       |                                                                                             |              437 |           1431 |
+---------------------------+-----------------------------------------------------------------------+---------------------------------------------------------------------------------------------+------------------+----------------+


